<?xml version="1.0" encoding="utf-8"?><testsuites name="pytest tests"><testsuite name="pytest" errors="0" failures="5" skipped="0" tests="55" time="724.696" timestamp="2026-06-16T08:51:17.523151+05:30" hostname="Loq_R"><testcase classname="test_01_onboarding.TestOnboardingPage" name="test_page_loads_successfully" time="14.439" /><testcase classname="test_01_onboarding.TestOnboardingPage" name="test_page_title_matches_app_name" time="11.069" /><testcase classname="test_01_onboarding.TestOnboardingPage" name="test_onboarding_container_rendered" time="11.310" /><testcase classname="test_01_onboarding.TestOnboardingPage" name="test_slide_smart_inventory_visible" time="11.533"><failure message="AssertionError: Slide 'Smart Inventory' not found in page text&#10;assert 'Smart Inventory' in '🧾\nDigital Invoicing\nCreate and share GST invoices in seconds.\nGet Started\nExisting User? Log In'&#10; +  where '🧾\nDigital Invoicing\nCreate and share GST invoices in seconds.\nGet Started\nExisting User? Log In' = &lt;tests.e2e.test_01_onboarding.TestOnboardingPage object at 0x000001C0D4F5B750&gt;.body">test_01_onboarding.py:68: in test_slide_smart_inventory_visible
    assert "Smart Inventory" in self.body, (
E   AssertionError: Slide 'Smart Inventory' not found in page text
E   assert 'Smart Inventory' in '🧾\nDigital Invoicing\nCreate and share GST invoices in seconds.\nGet Started\nExisting User? Log In'
E    +  where '🧾\nDigital Invoicing\nCreate and share GST invoices in seconds.\nGet Started\nExisting User? Log In' = &lt;tests.e2e.test_01_onboarding.TestOnboardingPage object at 0x000001C0D4F5B750&gt;.body</failure></testcase><testcase classname="test_01_onboarding.TestOnboardingPage" name="test_slide_digital_invoicing_visible" time="11.041" /><testcase classname="test_01_onboarding.TestOnboardingPage" name="test_slide_customer_ledger_visible" time="10.949"><failure message="AssertionError: Slide 'Customer Ledger' not found in page text&#10;assert 'Customer Ledger' in '🧾\nDigital Invoicing\nCreate and share GST invoices in seconds.\nGet Started\nExisting User? Log In'&#10; +  where '🧾\nDigital Invoicing\nCreate and share GST invoices in seconds.\nGet Started\nExisting User? Log In' = &lt;tests.e2e.test_01_onboarding.TestOnboardingPage object at 0x000001C0D4F68390&gt;.body">test_01_onboarding.py:88: in test_slide_customer_ledger_visible
    assert "Customer Ledger" in self.body, (
E   AssertionError: Slide 'Customer Ledger' not found in page text
E   assert 'Customer Ledger' in '🧾\nDigital Invoicing\nCreate and share GST invoices in seconds.\nGet Started\nExisting User? Log In'
E    +  where '🧾\nDigital Invoicing\nCreate and share GST invoices in seconds.\nGet Started\nExisting User? Log In' = &lt;tests.e2e.test_01_onboarding.TestOnboardingPage object at 0x000001C0D4F68390&gt;.body</failure></testcase><testcase classname="test_01_onboarding.TestOnboardingPage" name="test_carousel_has_three_slides" time="11.121" /><testcase classname="test_01_onboarding.TestOnboardingPage" name="test_navigation_dots_present" time="11.167" /><testcase classname="test_01_onboarding.TestOnboardingPage" name="test_first_dot_is_active" time="11.872"><failure message="AssertionError: First dot is not active&#10;assert 'active' in 'dot'&#10; +  where 'dot' = get_attribute('class')&#10; +    where get_attribute = &lt;selenium.webdriver.remote.webelement.WebElement (session=&quot;fcc627b795c45af2e378f1e1d1e6b23c&quot;, element=&quot;f.F5B26AB2B28D1CE6D2DA2637937E4033.d.73162CDA7097E24755096A28A9DA1F4B.e.17&quot;)&gt;.get_attribute">test_01_onboarding.py:121: in test_first_dot_is_active
    assert "active" in dots[0].get_attribute("class"), (
E   AssertionError: First dot is not active
E   assert 'active' in 'dot'
E    +  where 'dot' = get_attribute('class')
E    +    where get_attribute = &lt;selenium.webdriver.remote.webelement.WebElement (session="fcc627b795c45af2e378f1e1d1e6b23c", element="f.F5B26AB2B28D1CE6D2DA2637937E4033.d.73162CDA7097E24755096A28A9DA1F4B.e.17")&gt;.get_attribute</failure></testcase><testcase classname="test_01_onboarding.TestOnboardingPage" name="test_get_started_button_visible" time="10.992" /><testcase classname="test_01_onboarding.TestOnboardingPage" name="test_get_started_navigates_to_login" time="12.832" /><testcase classname="test_01_onboarding.TestOnboardingPage" name="test_existing_user_link_navigates_to_login" time="18.736" /><testcase classname="test_01_onboarding.TestOnboardingPage" name="test_onboarding_icons_render" time="16.678" /><testcase classname="test_01_onboarding.TestOnboardingPage" name="test_slide_descriptions_present" time="16.536"><failure message="AssertionError: Slide 1 description missing&#10;assert 'Manage stock alerts' in '🧾\nDigital Invoicing\nCreate and share GST invoices in seconds.\nGet Started\nExisting User? Log In'">test_01_onboarding.py:182: in test_slide_descriptions_present
    assert "Manage stock alerts" in body, "Slide 1 description missing"
E   AssertionError: Slide 1 description missing
E   assert 'Manage stock alerts' in '🧾\nDigital Invoicing\nCreate and share GST invoices in seconds.\nGet Started\nExisting User? Log In'</failure></testcase><testcase classname="test_02_login.TestLoginPage" name="test_login_form_visible" time="11.363" /><testcase classname="test_02_login.TestLoginPage" name="test_email_input_present" time="10.861" /><testcase classname="test_02_login.TestLoginPage" name="test_password_input_present" time="11.345" /><testcase classname="test_02_login.TestLoginPage" name="test_sb_logo_displayed" time="10.745" /><testcase classname="test_02_login.TestLoginPage" name="test_login_heading_text" time="11.136" /><testcase classname="test_02_login.TestLoginPage" name="test_prefilled_email" time="11.540" /><testcase classname="test_02_login.TestLoginPage" name="test_prefilled_password" time="13.219" /><testcase classname="test_02_login.TestLoginPage" name="test_password_field_masked" time="12.942" /><testcase classname="test_02_login.TestLoginPage" name="test_password_maxlength" time="11.946" /><testcase classname="test_02_login.TestLoginPage" name="test_submit_button_text" time="11.906" /><testcase classname="test_02_login.TestLoginPage" name="test_register_link_present" time="12.290" /><testcase classname="test_02_login.TestLoginPage" name="test_register_link_navigates" time="15.949" /><testcase classname="test_02_login.TestLoginPage" name="test_terms_checkbox_present_and_checked" time="16.774" /><testcase classname="test_02_login.TestLoginPage" name="test_ssl_encryption_badge" time="16.713" /><testcase classname="test_02_login.TestLoginPage" name="test_trusted_badge" time="16.094" /><testcase classname="test_02_login.TestLoginPage" name="test_successful_login" time="33.480"><failure message="AssertionError: Expected #dashboard after login, got https://thegitguy-56.github.io/Smartbiz-frontend/#login&#10;assert '#dashboard' in 'https://thegitguy-56.github.io/Smartbiz-frontend/#login'&#10; +  where 'https://thegitguy-56.github.io/Smartbiz-frontend/#login' = &lt;selenium.webdriver.chrome.webdriver.WebDriver (session=&quot;9eacb135bd1543deb7df5c988679180e&quot;)&gt;.current_url&#10; +    where &lt;selenium.webdriver.chrome.webdriver.WebDriver (session=&quot;9eacb135bd1543deb7df5c988679180e&quot;)&gt; = &lt;tests.e2e.test_02_login.TestLoginPage object at 0x000001C0D4F56C50&gt;.driver">test_02_login.py:222: in test_successful_login
    assert "#dashboard" in self.driver.current_url, (
E   AssertionError: Expected #dashboard after login, got https://thegitguy-56.github.io/Smartbiz-frontend/#login
E   assert '#dashboard' in 'https://thegitguy-56.github.io/Smartbiz-frontend/#login'
E    +  where 'https://thegitguy-56.github.io/Smartbiz-frontend/#login' = &lt;selenium.webdriver.chrome.webdriver.WebDriver (session="9eacb135bd1543deb7df5c988679180e")&gt;.current_url
E    +    where &lt;selenium.webdriver.chrome.webdriver.WebDriver (session="9eacb135bd1543deb7df5c988679180e")&gt; = &lt;tests.e2e.test_02_login.TestLoginPage object at 0x000001C0D4F56C50&gt;.driver</failure></testcase><testcase classname="test_02_login.TestLoginPage" name="test_test_data_hint_displayed" time="16.386" /><testcase classname="test_03_register.TestRegisterPage" name="test_register_form_visible" time="11.153" /><testcase classname="test_03_register.TestRegisterPage" name="test_create_account_heading" time="11.101" /><testcase classname="test_03_register.TestRegisterPage" name="test_business_name_field" time="10.949" /><testcase classname="test_03_register.TestRegisterPage" name="test_email_field_present" time="10.823" /><testcase classname="test_03_register.TestRegisterPage" name="test_phone_field_present" time="11.432" /><testcase classname="test_03_register.TestRegisterPage" name="test_pin_field_with_maxlength" time="10.825" /><testcase classname="test_03_register.TestRegisterPage" name="test_pin_field_is_password_type" time="12.000" /><testcase classname="test_03_register.TestRegisterPage" name="test_register_button_present" time="11.180" /><testcase classname="test_03_register.TestRegisterPage" name="test_login_link_present" time="17.009" /><testcase classname="test_03_register.TestRegisterPage" name="test_login_link_navigates" time="12.806" /><testcase classname="test_03_register.TestRegisterPage" name="test_sb_logo_on_register" time="15.752" /><testcase classname="test_03_register.TestRegisterPage" name="test_subtitle_text" time="16.334" /><testcase classname="test_12_security.TestSecurity" name="test_https_enforced" time="5.376" /><testcase classname="test_12_security.TestSecurity" name="test_xss_script_in_email" time="14.035" /><testcase classname="test_12_security.TestSecurity" name="test_xss_script_in_password" time="10.916" /><testcase classname="test_12_security.TestSecurity" name="test_sql_injection_email" time="16.139" /><testcase classname="test_12_security.TestSecurity" name="test_password_field_type" time="11.106" /><testcase classname="test_12_security.TestSecurity" name="test_register_pin_masked" time="17.348" /><testcase classname="test_12_security.TestSecurity" name="test_api_calls_use_https" time="10.563" /><testcase classname="test_12_security.TestSecurity" name="test_no_plaintext_passwords_in_source" time="10.989" /><testcase classname="test_12_security.TestSecurity" name="test_external_scripts_trusted" time="11.571" /><testcase classname="test_12_security.TestSecurity" name="test_no_critical_console_errors" time="19.122" /><testcase classname="test_12_security.TestSecurity" name="test_xss_via_hash" time="8.188" /><testcase classname="test_12_security.TestSecurity" name="test_form_action_local" time="12.413" /></testsuite></testsuites>